#
# There is insufficient memory for the Java Runtime Environment to continue.
# Native memory allocation (malloc) failed to allocate 1178256 bytes. Error detail: Chunk::new
# Possible reasons:
#   The system is out of physical RAM or swap space
#   This process is running with CompressedOops enabled, and the Java Heap may be blocking the growth of the native heap
# Possible solutions:
#   Reduce memory load on the system
#   Increase physical memory or swap space
#   Check if swap backing store is full
#   Decrease Java heap size (-Xmx/-Xms)
#   Decrease number of Java threads
#   Decrease Java thread stack sizes (-Xss)
#   Set larger code cache with -XX:ReservedCodeCacheSize=
#   JVM is running with Unscaled Compressed Oops mode in which the Java heap is
#     placed in the first 4GB address space. The Java Heap base address is the
#     maximum limit for the native heap growth. Please use -XX:HeapBaseMinAddress
#     to set the Java Heap base and to place the Java Heap above 4GB virtual address.
# This output file may be truncated or incomplete.
#
#  Out of Memory Error (arena.cpp:168), pid=8316, tid=14396
#
# JRE version: OpenJDK Runtime Environment Temurin-21.0.12.1+1 (21.0.12.1+1) (build 21.0.12.1+1-LTS)
# Java VM: OpenJDK 64-Bit Server VM Temurin-21.0.12.1+1 (21.0.12.1+1-LTS, mixed mode, sharing, tiered, compressed oops, compressed class ptrs, parallel gc, windows-amd64)
# No core dump will be written. Minidumps are not enabled by default on client versions of Windows
#

---------------  S U M M A R Y ------------

Command Line: --add-modules=ALL-SYSTEM --add-opens=java.base/java.util=ALL-UNNAMED --add-opens=java.base/java.lang=ALL-UNNAMED --add-opens=java.base/sun.nio.fs=ALL-UNNAMED -Declipse.application=org.eclipse.jdt.ls.core.id1 -Dosgi.bundles.defaultStartLevel=4 -Declipse.product=org.eclipse.jdt.ls.core.product -Djava.import.generatesMetadataFilesAtProjectRoot=false -Dm2e.project.cache.size=50 -DDetectVMInstallationsJob.disabled=true -Dfile.encoding=utf8 -XX:+UseParallelGC -XX:GCTimeRatio=4 -XX:AdaptiveSizePolicyWeight=90 -Dsun.zip.disableMemoryMapping=true -Xmx2G -Xms100m -Xlog:disable c:\Users\ciclos\.vscode\extensions\redhat.java-1.56.0-win32-x64\server\plugins\org.eclipse.equinox.launcher_1.8.0.v20260804-1928.jar -configuration c:\Users\ciclos\AppData\Roaming\Code\User\globalStorage\redhat.java\1.56.0\config_ss_win -data c:\Users\ciclos\AppData\Roaming\Code\User\workspaceStorage\d060f69ac0910e2fcf3f6d01bec5a073\redhat.java\ss_ws --pipe=\\.\pipe\lsp-4d72ad0448f0542bf74173aec76f9c84-sock

Host: 12th Gen Intel(R) Core(TM) i5-12400, 12 cores, 15G,  Windows 11 , 64 bit Build 26100 (10.0.26100.9444)
Time: Mon Sep 28 19:42:58 2026 Hora de verano romance elapsed time: 4.246998 seconds (0d 0h 0m 4s)

---------------  T H R E A D  ---------------

Current thread (0x000001a6066aeee0):  JavaThread "C2 CompilerThread1" daemon [_thread_in_native, id=14396, stack(0x0000007632100000,0x0000007632200000) (1024K)]


Current CompileTask:
C2:4247 3243       4       org.eclipse.osgi.internal.loader.BundleLoader::addExportedProvidersFor (167 bytes)

Stack: [0x0000007632100000,0x0000007632200000]
Native frames: (J=compiled Java code, j=interpreted, Vv=VM code, C=native code)
V  [jvm.dll+0x6d83e9]
V  [jvm.dll+0x8b5736]
V  [jvm.dll+0x8b7cee]
V  [jvm.dll+0x8b83d3]
V  [jvm.dll+0x284596]
V  [jvm.dll+0xc685d]
V  [jvm.dll+0xc6da1]
V  [jvm.dll+0x3bf151]
V  [jvm.dll+0x1e3f42]
V  [jvm.dll+0x24c853]
V  [jvm.dll+0x24bce0]
V  [jvm.dll+0x1cb4ae]
V  [jvm.dll+0x25baad]
V  [jvm.dll+0x25a03a]
V  [jvm.dll+0x3f8aae]
V  [jvm.dll+0x8600cd]
V  [jvm.dll+0x6d6c1d]
C  [ucrtbase.dll+0x2cd30]
C  [KERNEL32.DLL+0x2cd87]
C  [ntdll.dll+0xacaec]


---------------  P R O C E S S  ---------------

Threads class SMR info:
_java_thread_list=0x000001a607385880, length=40, elements={
0x000001a5a57e1b10, 0x000001a5a7c54fa0, 0x000001a5a7c56b30, 0x000001a5a7c63a90,
0x000001a5a7c667c0, 0x000001a5a7c68ff0, 0x000001a5a7c6dfa0, 0x000001a6009e64a0,
0x000001a6009e7d10, 0x000001a600bfa180, 0x000001a600bf1f90, 0x000001a60613d9c0,
0x000001a60677b0b0, 0x000001a60677b720, 0x000001a60626c040, 0x000001a6066aeee0,
0x000001a6066ae140, 0x000001a606860c30, 0x000001a60654eea0, 0x000001a606a38980,
0x000001a606a5ba40, 0x000001a606a5c0d0, 0x000001a606a5c760, 0x000001a606a592e0,
0x000001a606a59970, 0x000001a606a5a000, 0x000001a606a5a690, 0x000001a606a5ad20,
0x000001a606a5b3b0, 0x000001a607954410, 0x000001a6079564e0, 0x000001a607954aa0,
0x000001a607953d80, 0x000001a607955130, 0x000001a6079557c0, 0x000001a607953060,
0x000001a607955e50, 0x000001a607956b70, 0x000001a6079536f0, 0x000001a607957200
}

Java Threads: ( => current thread )
  0x000001a5a57e1b10 JavaThread "main"                              [_thread_blocked, id=15664, stack(0x0000007630900000,0x0000007630a00000) (1024K)]
  0x000001a5a7c54fa0 JavaThread "Reference Handler"          daemon [_thread_blocked, id=3092, stack(0x0000007630d00000,0x0000007630e00000) (1024K)]
  0x000001a5a7c56b30 JavaThread "Finalizer"                  daemon [_thread_blocked, id=12884, stack(0x0000007630e00000,0x0000007630f00000) (1024K)]
  0x000001a5a7c63a90 JavaThread "Signal Dispatcher"          daemon [_thread_blocked, id=16208, stack(0x0000007630f00000,0x0000007631000000) (1024K)]
  0x000001a5a7c667c0 JavaThread "Attach Listener"            daemon [_thread_blocked, id=13348, stack(0x0000007631000000,0x0000007631100000) (1024K)]
  0x000001a5a7c68ff0 JavaThread "Service Thread"             daemon [_thread_blocked, id=15576, stack(0x0000007631100000,0x0000007631200000) (1024K)]
  0x000001a5a7c6dfa0 JavaThread "Monitor Deflation Thread"   daemon [_thread_blocked, id=15604, stack(0x0000007631200000,0x0000007631300000) (1024K)]
  0x000001a6009e64a0 JavaThread "C2 CompilerThread0"         daemon [_thread_in_native, id=16344, stack(0x0000007631300000,0x0000007631400000) (1024K)]
  0x000001a6009e7d10 JavaThread "C1 CompilerThread0"         daemon [_thread_blocked, id=15728, stack(0x0000007631400000,0x0000007631500000) (1024K)]
  0x000001a600bfa180 JavaThread "Notification Thread"        daemon [_thread_blocked, id=15596, stack(0x0000007631600000,0x0000007631700000) (1024K)]
  0x000001a600bf1f90 JavaThread "Common-Cleaner"             daemon [_thread_blocked, id=16180, stack(0x0000007631700000,0x0000007631800000) (1024K)]
  0x000001a60613d9c0 JavaThread "Active Thread: Equinox Container: 7dd88c2a-30d5-42e6-be88-44a8598b7c0b"        [_thread_blocked, id=15356, stack(0x0000007631900000,0x0000007631a00000) (1024K)]
  0x000001a60677b0b0 JavaThread "Framework Event Dispatcher: Equinox Container: 7dd88c2a-30d5-42e6-be88-44a8598b7c0b" daemon [_thread_blocked, id=12856, stack(0x0000007631500000,0x0000007631600000) (1024K)]
  0x000001a60677b720 JavaThread "Start Level: Equinox Container: 7dd88c2a-30d5-42e6-be88-44a8598b7c0b" daemon [_thread_blocked, id=10928, stack(0x0000007631800000,0x0000007631900000) (1024K)]
  0x000001a60626c040 JavaThread "SCR Component Actor"        daemon [_thread_blocked, id=10872, stack(0x0000007632000000,0x0000007632100000) (1024K)]
=>0x000001a6066aeee0 JavaThread "C2 CompilerThread1"         daemon [_thread_in_native, id=14396, stack(0x0000007632100000,0x0000007632200000) (1024K)]
  0x000001a6066ae140 JavaThread "C2 CompilerThread2"         daemon [_thread_in_native, id=15952, stack(0x0000007632200000,0x0000007632300000) (1024K)]
  0x000001a606860c30 JavaThread "Worker-JM"                         [_thread_blocked, id=15976, stack(0x0000007632300000,0x0000007632400000) (1024K)]
  0x000001a60654eea0 JavaThread "JNA Cleaner"                daemon [_thread_blocked, id=9520, stack(0x0000007632400000,0x0000007632500000) (1024K)]
  0x000001a606a38980 JavaThread "Worker-0"                          [_thread_blocked, id=16296, stack(0x0000007632500000,0x0000007632600000) (1024K)]
  0x000001a606a5ba40 JavaThread "Worker-1"                          [_thread_blocked, id=4984, stack(0x0000007632600000,0x0000007632700000) (1024K)]
  0x000001a606a5c0d0 JavaThread "Thread-1"                   daemon [_thread_in_native, id=796, stack(0x0000007632d00000,0x0000007632e00000) (1024K)]
  0x000001a606a5c760 JavaThread "Thread-2"                   daemon [_thread_in_native, id=11724, stack(0x0000007632e00000,0x0000007632f00000) (1024K)]
  0x000001a606a592e0 JavaThread "Thread-3"                   daemon [_thread_in_native, id=15660, stack(0x0000007632f00000,0x0000007633000000) (1024K)]
  0x000001a606a59970 JavaThread "Thread-4"                   daemon [_thread_in_native, id=6520, stack(0x0000007633000000,0x0000007633100000) (1024K)]
  0x000001a606a5a000 JavaThread "Thread-5"                   daemon [_thread_in_native, id=6244, stack(0x0000007633100000,0x0000007633200000) (1024K)]
  0x000001a606a5a690 JavaThread "Thread-6"                   daemon [_thread_in_native, id=9340, stack(0x0000007633200000,0x0000007633300000) (1024K)]
  0x000001a606a5ad20 JavaThread "Thread-7"                   daemon [_thread_in_native, id=6912, stack(0x0000007633300000,0x0000007633400000) (1024K)]
  0x000001a606a5b3b0 JavaThread "Thread-8"                   daemon [_thread_in_native, id=8548, stack(0x0000007633400000,0x0000007633500000) (1024K)]
  0x000001a607954410 JavaThread "Thread-9"                   daemon [_thread_in_native, id=16312, stack(0x0000007633500000,0x0000007633600000) (1024K)]
  0x000001a6079564e0 JavaThread "Thread-10"                  daemon [_thread_in_native, id=6084, stack(0x0000007633600000,0x0000007633700000) (1024K)]
  0x000001a607954aa0 JavaThread "Thread-11"                  daemon [_thread_in_native, id=15608, stack(0x0000007633700000,0x0000007633800000) (1024K)]
  0x000001a607953d80 JavaThread "Thread-12"                  daemon [_thread_in_native, id=5980, stack(0x0000007633800000,0x0000007633900000) (1024K)]
  0x000001a607955130 JavaThread "Thread-13"                  daemon [_thread_in_native, id=16388, stack(0x0000007633900000,0x0000007633a00000) (1024K)]
  0x000001a6079557c0 JavaThread "pool-2-thread-1"                   [_thread_blocked, id=16392, stack(0x0000007633a00000,0x0000007633b00000) (1024K)]
  0x000001a607953060 JavaThread "Worker-2"                          [_thread_blocked, id=16396, stack(0x0000007633b00000,0x0000007633c00000) (1024K)]
  0x000001a607955e50 JavaThread "WorkspaceEventsHandler"            [_thread_blocked, id=16400, stack(0x0000007633c00000,0x0000007633d00000) (1024K)]
  0x000001a607956b70 JavaThread "pool-1-thread-1"                   [_thread_blocked, id=16404, stack(0x0000007633d00000,0x0000007633e00000) (1024K)]
  0x000001a6079536f0 JavaThread "ForkJoinPool.commonPool-worker-1" daemon [_thread_in_vm, id=16408, stack(0x0000007633e00000,0x0000007633f00000) (1024K)]
  0x000001a607957200 JavaThread "ForkJoinPool.commonPool-worker-2" daemon [_thread_blocked, id=16412, stack(0x0000007633f00000,0x0000007634000000) (1024K)]
Total: 40

Other Threads:
  0x000001a5a7c54bf0 VMThread "VM Thread"                           [id=15972, stack(0x0000007630c00000,0x0000007630d00000) (1024K)]
  0x000001a5a7a3a9f0 WatcherThread "VM Periodic Task Thread"        [id=15964, stack(0x0000007630b00000,0x0000007630c00000) (1024K)]
  0x000001a5a7bd6160 WorkerThread "GC Thread#0"                     [id=16048, stack(0x0000007630a00000,0x0000007630b00000) (1024K)]
  0x000001a6062392b0 WorkerThread "GC Thread#1"                     [id=10712, stack(0x0000007631a00000,0x0000007631b00000) (1024K)]
  0x000001a606239660 WorkerThread "GC Thread#2"                     [id=16232, stack(0x0000007631b00000,0x0000007631c00000) (1024K)]
  0x000001a606371eb0 WorkerThread "GC Thread#3"                     [id=16228, stack(0x0000007631c00000,0x0000007631d00000) (1024K)]
  0x000001a606372260 WorkerThread "GC Thread#4"                     [id=16276, stack(0x0000007631d00000,0x0000007631e00000) (1024K)]
  0x000001a606372610 WorkerThread "GC Thread#5"                     [id=16204, stack(0x0000007631e00000,0x0000007631f00000) (1024K)]
  0x000001a6063729c0 WorkerThread "GC Thread#6"                     [id=15956, stack(0x0000007631f00000,0x0000007632000000) (1024K)]
  0x000001a606bf45d0 WorkerThread "GC Thread#7"                     [id=7428, stack(0x0000007632700000,0x0000007632800000) (1024K)]
  0x000001a606975070 WorkerThread "GC Thread#8"                     [id=13432, stack(0x0000007632800000,0x0000007632900000) (1024K)]
  0x000001a606975420 WorkerThread "GC Thread#9"                     [id=16164, stack(0x0000007632900000,0x0000007632a00000) (1024K)]
Total: 12

Threads with active compile tasks:
C2 CompilerThread0  4270 3248       4       java.lang.invoke.MethodType::makeImpl (109 bytes)
C2 CompilerThread1  4270 3243       4       org.eclipse.osgi.internal.loader.BundleLoader::addExportedProvidersFor (167 bytes)
C2 CompilerThread2  4270 3282       4       java.lang.invoke.MemberName::getMethodOrFieldType (72 bytes)
Total: 3

VM state: not at safepoint (normal execution)

VM Mutex/Monitor currently owned by a thread:  ([mutex/lock_event])
[0x00007ffbdc94d530] Metaspace_lock - owner thread: 0x000001a6079536f0

Heap address: 0x0000000080000000, size: 2048 MB, Compressed Oops mode: 32-bit

CDS archive(s) mapped at: [0x000001a5bf000000-0x000001a5bfba0000-0x000001a5bfba0000), size 12189696, SharedBaseAddress: 0x000001a5bf000000, ArchiveRelocationMode: 1.
Compressed class space mapped at: 0x000001a5c0000000-0x000001a600000000, reserved size: 1073741824
Narrow klass base: 0x000001a5bf000000, Narrow klass shift: 0, Narrow klass range: 0x100000000

GC Precious Log:
 CardTable entry size: 512
 CPUs: 12 total, 12 available
 Memory: 16157M
 Large Page Support: Disabled
 NUMA Support: Disabled
 Compressed Oops: Enabled (32-bit)
 Alignments: Space 512K, Generation 512K, Heap 2M
 Heap Min Capacity: 100M
 Heap Initial Capacity: 100M
 Heap Max Capacity: 2G
 Pre-touch: Disabled
 Parallel Workers: 10

Heap:
 PSYoungGen      total 29696K, used 22780K [0x00000000d5580000, 0x00000000d7680000, 0x0000000100000000)
  eden space 25600K, 73% used [0x00000000d5580000,0x00000000d67db0e8,0x00000000d6e80000)
  from space 4096K, 97% used [0x00000000d7280000,0x00000000d76642c0,0x00000000d7680000)
  to   space 4096K, 0% used [0x00000000d6e80000,0x00000000d6e80000,0x00000000d7280000)
 ParOldGen       total 68608K, used 9931K [0x0000000080000000, 0x0000000084300000, 0x00000000d5580000)
  object space 68608K, 14% used [0x0000000080000000,0x00000000809b2c98,0x0000000084300000)
 Metaspace       used 31911K, committed 32704K, reserved 1114112K
  class space    used 3280K, committed 3648K, reserved 1048576K

Card table byte_map: [0x000001a5a7550000,0x000001a5a7960000] _byte_map_base: 0x000001a5a7150000

Marking Bits: (ParMarkBitMap*) 0x00007ffbdc9544a0
 Begin Bits: [0x000001a5ba060000, 0x000001a5bc060000)
 End Bits:   [0x000001a5bc060000, 0x000001a5be060000)

Polling page: 0x000001a5a5780000

Metaspace:

Usage:
  Non-class:     27.96 MB used.
      Class:      3.20 MB used.
       Both:     31.16 MB used.

Virtual space:
  Non-class space:       64.00 MB reserved,      28.38 MB ( 44%) committed,  1 nodes.
      Class space:        1.00 GB reserved,       3.56 MB ( <1%) committed,  1 nodes.
             Both:        1.06 GB reserved,      31.94 MB (  3%) committed. 

Chunk freelists:
   Non-Class:  3.09 MB
       Class:  12.30 MB
        Both:  15.39 MB

MaxMetaspaceSize: unlimited
CompressedClassSpaceSize: 1.00 GB
Initial GC threshold: 21.00 MB
Current GC threshold: 35.00 MB
CDS: on
 - commit_granule_bytes: 65536.
 - commit_granule_words: 8192.
 - virtual_space_node_default_size: 8388608.
 - enlarge_chunks_in_place: 1.
 - use_allocation_guard: 0.


Internal statistics:

num_allocs_failed_limit: 3.
num_arena_births: 506.
num_arena_deaths: 0.
num_vsnodes_births: 2.
num_vsnodes_deaths: 0.
num_space_committed: 511.
num_space_uncommitted: 0.
num_chunks_returned_to_freelist: 3.
num_chunks_taken_from_freelist: 1771.
num_chunk_merges: 3.
num_chunk_splits: 1116.
num_chunks_enlarged: 709.
num_inconsistent_stats: 0.

CodeHeap 'non-profiled nmethods': size=120000Kb used=1403Kb max_used=1403Kb free=118596Kb
 bounds [0x000001a5b2880000, 0x000001a5b2af0000, 0x000001a5b9db0000]
CodeHeap 'profiled nmethods': size=120000Kb used=6805Kb max_used=6805Kb free=113194Kb
 bounds [0x000001a5aadb0000, 0x000001a5ab460000, 0x000001a5b22e0000]
CodeHeap 'non-nmethods': size=5760Kb used=1362Kb max_used=1384Kb free=4397Kb
 bounds [0x000001a5b22e0000, 0x000001a5b2550000, 0x000001a5b2880000]
CodeCache: size=245760Kb, used=9570Kb, max_used=9592Kb, free=236187Kb
 total_blobs=4196, nmethods=3535, adapters=566, full_count=0
Compilation: enabled, stopped_count=0, restarted_count=0

Compilation events (20 events):
Event: 4.243 Thread 0x000001a6009e7d10 3443       1       java.nio.file.FileTreeWalker$DirectoryNode::stream (5 bytes)
Event: 4.243 Thread 0x000001a6009e7d10 nmethod 3443 0x000001a5b29de490 code [0x000001a5b29de620, 0x000001a5b29de6e8]
Event: 4.243 Thread 0x000001a6009e7d10 3444       1       java.nio.file.FileTreeWalker$DirectoryNode::directory (5 bytes)
Event: 4.243 Thread 0x000001a6009e7d10 nmethod 3444 0x000001a5b29de790 code [0x000001a5b29de920, 0x000001a5b29de9e8]
Event: 4.243 Thread 0x000001a6009e7d10 3447       3       java.util.ArrayList$ArrayListSpliterator::tryAdvance (79 bytes)
Event: 4.243 Thread 0x000001a6009e7d10 nmethod 3447 0x000001a5ab419a90 code [0x000001a5ab419ca0, 0x000001a5ab41a1e8]
Event: 4.243 Thread 0x000001a6009e7d10 3452       3       java.util.stream.StreamSpliterators$WrappingSpliterator$$Lambda/0x000001a5c00240d0::getAsBoolean (8 bytes)
Event: 4.243 Thread 0x000001a6009e7d10 nmethod 3452 0x000001a5ab41a410 code [0x000001a5ab41a5c0, 0x000001a5ab41a808]
Event: 4.243 Thread 0x000001a6009e7d10 3453       3       java.util.stream.StreamSpliterators$WrappingSpliterator::lambda$initPartialTraversalState$0 (14 bytes)
Event: 4.243 Thread 0x000001a6009e7d10 nmethod 3453 0x000001a5ab41a910 code [0x000001a5ab41aac0, 0x000001a5ab41aca0]
Event: 4.243 Thread 0x000001a6009e7d10 3456       3       jdk.internal.jimage.ImageReader::ensureOpen (18 bytes)
Event: 4.243 Thread 0x000001a6009e7d10 nmethod 3456 0x000001a5ab41ad90 code [0x000001a5ab41af40, 0x000001a5ab41b148]
Event: 4.243 Thread 0x000001a6009e7d10 3457       3       jdk.internal.jrtfs.JrtFileSystem::checkNode (40 bytes)
Event: 4.244 Thread 0x000001a6009e7d10 nmethod 3457 0x000001a5ab41b210 code [0x000001a5ab41b420, 0x000001a5ab41b8c0]
Event: 4.244 Thread 0x000001a6009e7d10 3458       3       jdk.internal.jrtfs.JrtFileSystem::ensureOpen (16 bytes)
Event: 4.244 Thread 0x000001a6009e7d10 nmethod 3458 0x000001a5ab41bb10 code [0x000001a5ab41bcc0, 0x000001a5ab41bef0]
Event: 4.244 Thread 0x000001a6009e7d10 3449       3       jdk.internal.jrtfs.JrtPath::<init> (23 bytes)
Event: 4.244 Thread 0x000001a6009e7d10 nmethod 3449 0x000001a5ab41c010 code [0x000001a5ab41c1c0, 0x000001a5ab41c3c0]
Event: 4.244 Thread 0x000001a6009e7d10 3450       3       jdk.internal.jrtfs.JrtPath::getFileName (78 bytes)
Event: 4.245 Thread 0x000001a6009e7d10 nmethod 3450 0x000001a5ab41c490 code [0x000001a5ab41c760, 0x000001a5ab41d668]

GC Heap History (10 events):
Event: 0.610 GC heap before
{Heap before GC invocations=1 (full 0):
 PSYoungGen      total 29696K, used 25600K [0x00000000d5580000, 0x00000000d7680000, 0x0000000100000000)
  eden space 25600K, 100% used [0x00000000d5580000,0x00000000d6e80000,0x00000000d6e80000)
  from space 4096K, 0% used [0x00000000d7280000,0x00000000d7280000,0x00000000d7680000)
  to   space 4096K, 0% used [0x00000000d6e80000,0x00000000d6e80000,0x00000000d7280000)
 ParOldGen       total 68608K, used 0K [0x0000000080000000, 0x0000000084300000, 0x00000000d5580000)
  object space 68608K, 0% used [0x0000000080000000,0x0000000080000000,0x0000000084300000)
 Metaspace       used 6858K, committed 7104K, reserved 1114112K
  class space    used 730K, committed 832K, reserved 1048576K
}
Event: 0.615 GC heap after
{Heap after GC invocations=1 (full 0):
 PSYoungGen      total 29696K, used 4086K [0x00000000d5580000, 0x00000000d7680000, 0x0000000100000000)
  eden space 25600K, 0% used [0x00000000d5580000,0x00000000d5580000,0x00000000d6e80000)
  from space 4096K, 99% used [0x00000000d6e80000,0x00000000d727d828,0x00000000d7280000)
  to   space 4096K, 0% used [0x00000000d7280000,0x00000000d7280000,0x00000000d7680000)
 ParOldGen       total 68608K, used 528K [0x0000000080000000, 0x0000000084300000, 0x00000000d5580000)
  object space 68608K, 0% used [0x0000000080000000,0x0000000080084010,0x0000000084300000)
 Metaspace       used 6858K, committed 7104K, reserved 1114112K
  class space    used 730K, committed 832K, reserved 1048576K
}
Event: 3.604 GC heap before
{Heap before GC invocations=2 (full 0):
 PSYoungGen      total 29696K, used 29686K [0x00000000d5580000, 0x00000000d7680000, 0x0000000100000000)
  eden space 25600K, 100% used [0x00000000d5580000,0x00000000d6e80000,0x00000000d6e80000)
  from space 4096K, 99% used [0x00000000d6e80000,0x00000000d727d828,0x00000000d7280000)
  to   space 4096K, 0% used [0x00000000d7280000,0x00000000d7280000,0x00000000d7680000)
 ParOldGen       total 68608K, used 528K [0x0000000080000000, 0x0000000084300000, 0x00000000d5580000)
  object space 68608K, 0% used [0x0000000080000000,0x0000000080084010,0x0000000084300000)
 Metaspace       used 17908K, committed 18496K, reserved 1114112K
  class space    used 1809K, committed 2048K, reserved 1048576K
}
Event: 3.608 GC heap after
{Heap after GC invocations=2 (full 0):
 PSYoungGen      total 29696K, used 4075K [0x00000000d5580000, 0x00000000d7680000, 0x0000000100000000)
  eden space 25600K, 0% used [0x00000000d5580000,0x00000000d5580000,0x00000000d6e80000)
  from space 4096K, 99% used [0x00000000d7280000,0x00000000d767ac30,0x00000000d7680000)
  to   space 4096K, 0% used [0x00000000d6e80000,0x00000000d6e80000,0x00000000d7280000)
 ParOldGen       total 68608K, used 3782K [0x0000000080000000, 0x0000000084300000, 0x00000000d5580000)
  object space 68608K, 5% used [0x0000000080000000,0x00000000803b1ab8,0x0000000084300000)
 Metaspace       used 17908K, committed 18496K, reserved 1114112K
  class space    used 1809K, committed 2048K, reserved 1048576K
}
Event: 3.716 GC heap before
{Heap before GC invocations=3 (full 0):
 PSYoungGen      total 29696K, used 22425K [0x00000000d5580000, 0x00000000d7680000, 0x0000000100000000)
  eden space 25600K, 71% used [0x00000000d5580000,0x00000000d676ba70,0x00000000d6e80000)
  from space 4096K, 99% used [0x00000000d7280000,0x00000000d767ac30,0x00000000d7680000)
  to   space 4096K, 0% used [0x00000000d6e80000,0x00000000d6e80000,0x00000000d7280000)
 ParOldGen       total 68608K, used 3782K [0x0000000080000000, 0x0000000084300000, 0x00000000d5580000)
  object space 68608K, 5% used [0x0000000080000000,0x00000000803b1ab8,0x0000000084300000)
 Metaspace       used 20996K, committed 21504K, reserved 1114112K
  class space    used 2055K, committed 2304K, reserved 1048576K
}
Event: 3.718 GC heap after
{Heap after GC invocations=3 (full 0):
 PSYoungGen      total 29696K, used 4073K [0x00000000d5580000, 0x00000000d7680000, 0x0000000100000000)
  eden space 25600K, 0% used [0x00000000d5580000,0x00000000d5580000,0x00000000d6e80000)
  from space 4096K, 99% used [0x00000000d6e80000,0x00000000d727a548,0x00000000d7280000)
  to   space 4096K, 0% used [0x00000000d7280000,0x00000000d7280000,0x00000000d7680000)
 ParOldGen       total 68608K, used 6113K [0x0000000080000000, 0x0000000084300000, 0x00000000d5580000)
  object space 68608K, 8% used [0x0000000080000000,0x00000000805f8610,0x0000000084300000)
 Metaspace       used 20996K, committed 21504K, reserved 1114112K
  class space    used 2055K, committed 2304K, reserved 1048576K
}
Event: 3.718 GC heap before
{Heap before GC invocations=4 (full 1):
 PSYoungGen      total 29696K, used 4073K [0x00000000d5580000, 0x00000000d7680000, 0x0000000100000000)
  eden space 25600K, 0% used [0x00000000d5580000,0x00000000d5580000,0x00000000d6e80000)
  from space 4096K, 99% used [0x00000000d6e80000,0x00000000d727a548,0x00000000d7280000)
  to   space 4096K, 0% used [0x00000000d7280000,0x00000000d7280000,0x00000000d7680000)
 ParOldGen       total 68608K, used 6113K [0x0000000080000000, 0x0000000084300000, 0x00000000d5580000)
  object space 68608K, 8% used [0x0000000080000000,0x00000000805f8610,0x0000000084300000)
 Metaspace       used 20996K, committed 21504K, reserved 1114112K
  class space    used 2055K, committed 2304K, reserved 1048576K
}
Event: 3.731 GC heap after
{Heap after GC invocations=4 (full 1):
 PSYoungGen      total 29696K, used 0K [0x00000000d5580000, 0x00000000d7680000, 0x0000000100000000)
  eden space 25600K, 0% used [0x00000000d5580000,0x00000000d5580000,0x00000000d6e80000)
  from space 4096K, 0% used [0x00000000d6e80000,0x00000000d6e80000,0x00000000d7280000)
  to   space 4096K, 0% used [0x00000000d7280000,0x00000000d7280000,0x00000000d7680000)
 ParOldGen       total 68608K, used 9923K [0x0000000080000000, 0x0000000084300000, 0x00000000d5580000)
  object space 68608K, 14% used [0x0000000080000000,0x00000000809b0c98,0x0000000084300000)
 Metaspace       used 20996K, committed 21504K, reserved 1114112K
  class space    used 2055K, committed 2304K, reserved 1048576K
}
Event: 4.071 GC heap before
{Heap before GC invocations=5 (full 1):
 PSYoungGen      total 29696K, used 25600K [0x00000000d5580000, 0x00000000d7680000, 0x0000000100000000)
  eden space 25600K, 100% used [0x00000000d5580000,0x00000000d6e80000,0x00000000d6e80000)
  from space 4096K, 0% used [0x00000000d6e80000,0x00000000d6e80000,0x00000000d7280000)
  to   space 4096K, 0% used [0x00000000d7280000,0x00000000d7280000,0x00000000d7680000)
 ParOldGen       total 68608K, used 9923K [0x0000000080000000, 0x0000000084300000, 0x00000000d5580000)
  object space 68608K, 14% used [0x0000000080000000,0x00000000809b0c98,0x0000000084300000)
 Metaspace       used 28470K, committed 29248K, reserved 1114112K
  class space    used 2895K, committed 3200K, reserved 1048576K
}
Event: 4.073 GC heap after
{Heap after GC invocations=5 (full 1):
 PSYoungGen      total 29696K, used 3984K [0x00000000d5580000, 0x00000000d7680000, 0x0000000100000000)
  eden space 25600K, 0% used [0x00000000d5580000,0x00000000d5580000,0x00000000d6e80000)
  from space 4096K, 97% used [0x00000000d7280000,0x00000000d76642c0,0x00000000d7680000)
  to   space 4096K, 0% used [0x00000000d6e80000,0x00000000d6e80000,0x00000000d7280000)
 ParOldGen       total 68608K, used 9931K [0x0000000080000000, 0x0000000084300000, 0x00000000d5580000)
  object space 68608K, 14% used [0x0000000080000000,0x00000000809b2c98,0x0000000084300000)
 Metaspace       used 28470K, committed 29248K, reserved 1114112K
  class space    used 2895K, committed 3200K, reserved 1048576K
}

Dll operation events (16 events):
Event: 0.028 Attempting to load shared library c:\Users\ciclos\.vscode\extensions\redhat.java-1.56.0-win32-x64\jre\21.0.12.1-win32-x86_64\bin\java.dll
Event: 0.029 Loaded shared library c:\Users\ciclos\.vscode\extensions\redhat.java-1.56.0-win32-x64\jre\21.0.12.1-win32-x86_64\bin\java.dll
Event: 0.087 Attempting to load shared library c:\Users\ciclos\.vscode\extensions\redhat.java-1.56.0-win32-x64\jre\21.0.12.1-win32-x86_64\bin\zip.dll
Event: 0.088 Loaded shared library c:\Users\ciclos\.vscode\extensions\redhat.java-1.56.0-win32-x64\jre\21.0.12.1-win32-x86_64\bin\zip.dll
Event: 0.099 Attempting to load shared library C:\Users\ciclos\.vscode\extensions\redhat.java-1.56.0-win32-x64\jre\21.0.12.1-win32-x86_64\bin\net.dll
Event: 0.128 Loaded shared library C:\Users\ciclos\.vscode\extensions\redhat.java-1.56.0-win32-x64\jre\21.0.12.1-win32-x86_64\bin\net.dll
Event: 0.129 Attempting to load shared library C:\Users\ciclos\.vscode\extensions\redhat.java-1.56.0-win32-x64\jre\21.0.12.1-win32-x86_64\bin\nio.dll
Event: 0.152 Loaded shared library C:\Users\ciclos\.vscode\extensions\redhat.java-1.56.0-win32-x64\jre\21.0.12.1-win32-x86_64\bin\nio.dll
Event: 0.154 Attempting to load shared library C:\Users\ciclos\.vscode\extensions\redhat.java-1.56.0-win32-x64\jre\21.0.12.1-win32-x86_64\bin\zip.dll
Event: 0.154 Loaded shared library C:\Users\ciclos\.vscode\extensions\redhat.java-1.56.0-win32-x64\jre\21.0.12.1-win32-x86_64\bin\zip.dll
Event: 0.217 Attempting to load shared library C:\Users\ciclos\.vscode\extensions\redhat.java-1.56.0-win32-x64\jre\21.0.12.1-win32-x86_64\bin\jimage.dll
Event: 0.217 Loaded shared library C:\Users\ciclos\.vscode\extensions\redhat.java-1.56.0-win32-x64\jre\21.0.12.1-win32-x86_64\bin\jimage.dll
Event: 3.014 Attempting to load shared library C:\Users\ciclos\AppData\Roaming\Code\User\globalStorage\redhat.java\1.56.0\config_ss_win\org.eclipse.equinox.launcher\org.eclipse.equinox.launcher.win32.win32.x86_64_1.3.100.v20260804-1928\eclipse_11924.dll
Event: 3.018 Loaded shared library C:\Users\ciclos\AppData\Roaming\Code\User\globalStorage\redhat.java\1.56.0\config_ss_win\org.eclipse.equinox.launcher\org.eclipse.equinox.launcher.win32.win32.x86_64_1.3.100.v20260804-1928\eclipse_11924.dll
Event: 3.420 Attempting to load shared library C:\Users\ciclos\AppData\Local\Temp\jna--1360654989\jna5694605603266855308.dll
Event: 3.461 Loaded shared library C:\Users\ciclos\AppData\Local\Temp\jna--1360654989\jna5694605603266855308.dll

Deoptimization events (20 events):
Event: 4.222 Thread 0x000001a607956b70 Uncommon trap: trap_request=0xffffff45 fr.pc=0x000001a5b2964b5c relative=0x00000000000007dc
Event: 4.222 Thread 0x000001a607956b70 Uncommon trap: reason=unstable_if action=reinterpret pc=0x000001a5b2964b5c method=java.util.Properties$LineReader.readLine()I @ 325 c2
Event: 4.222 Thread 0x000001a607956b70 DEOPT PACKING pc=0x000001a5b2964b5c sp=0x0000007633dfcc50
Event: 4.222 Thread 0x000001a607956b70 DEOPT UNPACKING pc=0x000001a5b2333aa2 sp=0x0000007633dfcbe8 mode 2
Event: 4.222 Thread 0x000001a607956b70 Uncommon trap: trap_request=0xffffff45 fr.pc=0x000001a5b293bb34 relative=0x00000000000002d4
Event: 4.222 Thread 0x000001a607956b70 Uncommon trap: reason=unstable_if action=reinterpret pc=0x000001a5b293bb34 method=java.util.Properties$LineReader.readLine()I @ 325 c2
Event: 4.222 Thread 0x000001a607956b70 DEOPT PACKING pc=0x000001a5b293bb34 sp=0x0000007633dfcc50
Event: 4.222 Thread 0x000001a607956b70 DEOPT UNPACKING pc=0x000001a5b2333aa2 sp=0x0000007633dfcbe8 mode 2
Event: 4.222 Thread 0x000001a607956b70 DEOPT PACKING pc=0x000001a5ab351c56 sp=0x0000007633dfc9a0
Event: 4.222 Thread 0x000001a607956b70 DEOPT UNPACKING pc=0x000001a5b2334242 sp=0x0000007633dfbeb0 mode 0
Event: 4.224 Thread 0x000001a607956b70 DEOPT PACKING pc=0x000001a5ab3e5aa6 sp=0x0000007633dfcbf0
Event: 4.224 Thread 0x000001a607956b70 DEOPT UNPACKING pc=0x000001a5b2334242 sp=0x0000007633dfc0e8 mode 0
Event: 4.224 Thread 0x000001a607956b70 DEOPT PACKING pc=0x000001a5ab3e5aa6 sp=0x0000007633dfcbf0
Event: 4.224 Thread 0x000001a607956b70 DEOPT UNPACKING pc=0x000001a5b2334242 sp=0x0000007633dfc0e8 mode 0
Event: 4.224 Thread 0x000001a607956b70 DEOPT PACKING pc=0x000001a5ab351c35 sp=0x0000007633dfc9a0
Event: 4.224 Thread 0x000001a607956b70 DEOPT UNPACKING pc=0x000001a5b2334242 sp=0x0000007633dfbeb0 mode 0
Event: 4.224 Thread 0x000001a607956b70 DEOPT PACKING pc=0x000001a5ab3e5aa6 sp=0x0000007633dfcbf0
Event: 4.224 Thread 0x000001a607956b70 DEOPT UNPACKING pc=0x000001a5b2334242 sp=0x0000007633dfc0e8 mode 0
Event: 4.225 Thread 0x000001a607956b70 DEOPT PACKING pc=0x000001a5ab3e5aa6 sp=0x0000007633dfcbf0
Event: 4.225 Thread 0x000001a607956b70 DEOPT UNPACKING pc=0x000001a5b2334242 sp=0x0000007633dfc0e8 mode 0

Classes loaded (20 events):
Event: 4.206 Loading class java/nio/file/FileVisitOption
Event: 4.206 Loading class java/nio/file/FileVisitOption done
Event: 4.206 Loading class java/nio/file/FileTreeWalker
Event: 4.206 Loading class java/nio/file/FileTreeWalker done
Event: 4.206 Loading class java/util/RegularEnumSet$EnumSetIterator
Event: 4.206 Loading class java/util/RegularEnumSet$EnumSetIterator done
Event: 4.208 Loading class java/nio/ByteBufferAsIntBufferL
Event: 4.209 Loading class java/nio/ByteBufferAsIntBufferL done
Event: 4.211 Loading class jdk/internal/jimage/ImageReader$Directory
Event: 4.211 Loading class jdk/internal/jimage/ImageReader$Directory done
Event: 4.236 Loading class java/nio/file/FileTreeWalker$DirectoryNode
Event: 4.236 Loading class java/nio/file/FileTreeWalker$DirectoryNode done
Event: 4.236 Loading class java/nio/file/FileTreeWalker$Event
Event: 4.236 Loading class java/nio/file/FileTreeWalker$Event done
Event: 4.236 Loading class java/nio/file/FileTreeWalker$EventType
Event: 4.236 Loading class java/nio/file/FileTreeWalker$EventType done
Event: 4.236 Loading class java/nio/file/Files$3
Event: 4.236 Loading class java/nio/file/Files$3 done
Event: 4.236 Loading class java/nio/file/FileVisitResult
Event: 4.236 Loading class java/nio/file/FileVisitResult done

Classes unloaded (0 events):
No events

Classes redefined (0 events):
No events

Internal exceptions (20 events):
Event: 4.011 Thread 0x000001a5a57e1b10 Exception <a 'java/lang/NoSuchMethodError'{0x00000000d68f4430}: 'void java.lang.invoke.DirectMethodHandle$Holder.invokeSpecial(java.lang.Object, java.lang.Object, java.lang.Object, java.lang.Object, java.lang.Object, java.lang.Object)'> (0x00000000d68f4430) 
thrown [s\src\hotspot\share\interpreter\linkResolver.cpp, line 773]
Event: 4.011 Thread 0x000001a5a57e1b10 Exception <a 'java/lang/IncompatibleClassChangeError'{0x00000000d68fc510}: Found class java.lang.Object, but interface was expected> (0x00000000d68fc510) 
thrown [s\src\hotspot\share\interpreter\linkResolver.cpp, line 840]
Event: 4.011 Thread 0x000001a5a57e1b10 Exception <a 'java/lang/IncompatibleClassChangeError'{0x00000000d68fd688}: Found class java.lang.Object, but interface was expected> (0x00000000d68fd688) 
thrown [s\src\hotspot\share\interpreter\linkResolver.cpp, line 840]
Event: 4.012 Thread 0x000001a606a38980 Exception <a 'java/io/FileNotFoundException'{0x00000000d692c9e8}> (0x00000000d692c9e8) 
thrown [s\src\hotspot\share\prims\jni.cpp, line 520]
Event: 4.012 Thread 0x000001a606a38980 Exception <a 'java/io/FileNotFoundException'{0x00000000d692dfe0}> (0x00000000d692dfe0) 
thrown [s\src\hotspot\share\prims\jni.cpp, line 520]
Event: 4.012 Thread 0x000001a606a38980 Exception <a 'java/lang/NoSuchMethodError'{0x00000000d6937670}: 'java.lang.Object java.lang.invoke.DirectMethodHandle$Holder.newInvokeSpecial(java.lang.Object, java.lang.Object, java.lang.Object, int)'> (0x00000000d6937670) 
thrown [s\src\hotspot\share\interpreter\linkResolver.cpp, line 773]
Event: 4.012 Thread 0x000001a606a38980 Exception <a 'java/lang/NoSuchMethodError'{0x00000000d693b7f0}: 'java.lang.Object java.lang.invoke.DirectMethodHandle$Holder.invokeSpecial(java.lang.Object, java.lang.Object, java.lang.Object, java.lang.Object, int)'> (0x00000000d693b7f0) 
thrown [s\src\hotspot\share\interpreter\linkResolver.cpp, line 773]
Event: 4.012 Thread 0x000001a606a38980 Exception <a 'java/lang/NoSuchMethodError'{0x00000000d6946590}: 'java.lang.Object java.lang.invoke.Invokers$Holder.linkToTargetMethod(java.lang.Object, java.lang.Object, int, java.lang.Object)'> (0x00000000d6946590) 
thrown [s\src\hotspot\share\interpreter\linkResolver.cpp, line 773]
Event: 4.013 Thread 0x000001a606a38980 Exception <a 'java/lang/NoSuchMethodError'{0x00000000d694c980}: 'void java.lang.invoke.DirectMethodHandle$Holder.invokeStaticInit(java.lang.Object, java.lang.Object, java.lang.Object)'> (0x00000000d694c980) 
thrown [s\src\hotspot\share\interpreter\linkResolver.cpp, line 773]
Event: 4.031 Thread 0x000001a5a57e1b10 Exception <a 'java/lang/NoSuchMethodError'{0x00000000d6a02840}: 'java.lang.Object java.lang.invoke.DirectMethodHandle$Holder.invokeStatic(java.lang.Object, int, java.lang.Object)'> (0x00000000d6a02840) 
thrown [s\src\hotspot\share\interpreter\linkResolver.cpp, line 773]
Event: 4.061 Thread 0x000001a607956b70 Exception <a 'java/lang/NoSuchMethodError'{0x00000000d6cd0ab0}: 'java.lang.Object java.lang.invoke.DirectMethodHandle$Holder.invokeInterface(java.lang.Object, java.lang.Object, java.lang.Object)'> (0x00000000d6cd0ab0) 
thrown [s\src\hotspot\share\interpreter\linkResolver.cpp, line 773]
Event: 4.070 Thread 0x000001a607956b70 Exception <a 'java/io/FileNotFoundException'{0x00000000d6d2d2a8}> (0x00000000d6d2d2a8) 
thrown [s\src\hotspot\share\prims\jni.cpp, line 520]
Event: 4.084 Thread 0x000001a607956b70 Exception <a 'sun/nio/fs/WindowsException'{0x00000000d5963e88}> (0x00000000d5963e88) 
thrown [s\src\hotspot\share\prims\jni.cpp, line 520]
Event: 4.106 Thread 0x000001a607956b70 Exception <a 'java/lang/IncompatibleClassChangeError'{0x00000000d5af2d58}: Found class java.lang.Object, but interface was expected> (0x00000000d5af2d58) 
thrown [s\src\hotspot\share\interpreter\linkResolver.cpp, line 840]
Event: 4.121 Thread 0x000001a607956b70 Exception <a 'java/lang/IncompatibleClassChangeError'{0x00000000d5b5a750}: Found class java.lang.Object, but interface was expected> (0x00000000d5b5a750) 
thrown [s\src\hotspot\share\interpreter\linkResolver.cpp, line 840]
Event: 4.196 Thread 0x000001a607957200 Implicit null exception at 0x000001a5b29b32aa to 0x000001a5b29b3574
Event: 4.196 Thread 0x000001a607957200 Exception <a 'java/lang/NoSuchMethodError'{0x00000000d5ff3eb0}: 'int java.lang.invoke.DirectMethodHandle$Holder.invokeSpecial(java.lang.Object, java.lang.Object, java.lang.Object, int)'> (0x00000000d5ff3eb0) 
thrown [s\src\hotspot\share\interpreter\linkResolver.cpp, line 773]
Event: 4.197 Thread 0x000001a607957200 Exception <a 'java/lang/NoSuchMethodError'{0x00000000d6014648}: 'java.lang.Object java.lang.invoke.DirectMethodHandle$Holder.invokeStatic(java.lang.Object, java.lang.Object, java.lang.Object, java.lang.Object, int)'> (0x00000000d6014648) 
thrown [s\src\hotspot\share\interpreter\linkResolver.cpp, line 773]
Event: 4.198 Thread 0x000001a607957200 Exception <a 'java/lang/NoSuchMethodError'{0x00000000d601b4d0}: 'long java.lang.invoke.DirectMethodHandle$Holder.invokeStatic(java.lang.Object, java.lang.Object, int)'> (0x00000000d601b4d0) 
thrown [s\src\hotspot\share\interpreter\linkResolver.cpp, line 773]
Event: 4.199 Thread 0x000001a607957200 Exception <a 'java/lang/NoSuchMethodError'{0x00000000d6039fb0}: 'java.lang.Object java.lang.invoke.DelegatingMethodHandle$Holder.reinvoke_L(java.lang.Object, int, long, java.lang.Object, java.lang.Object, int, java.lang.Object)'> (0x00000000d6039fb0) 
thrown [s\src\hotspot\share\interpreter\linkResolver.cpp, line 773]

ZGC Phase Switch (0 events):
No events

VM Operations (20 events):
Event: 3.716 Executing safepoint VM operation: CollectForMetadataAllocation (Metadata GC Threshold)
Event: 3.731 Executing safepoint VM operation: CollectForMetadataAllocation (Metadata GC Threshold) done
Event: 3.778 Executing non-safepoint VM operation: HandshakeAllThreads (Deoptimize)
Event: 3.778 Executing non-safepoint VM operation: HandshakeAllThreads (Deoptimize) done
Event: 3.803 Executing non-safepoint VM operation: HandshakeAllThreads (Deoptimize)
Event: 3.803 Executing non-safepoint VM operation: HandshakeAllThreads (Deoptimize) done
Event: 3.859 Executing non-safepoint VM operation: HandshakeAllThreads (Deoptimize)
Event: 3.859 Executing non-safepoint VM operation: HandshakeAllThreads (Deoptimize) done
Event: 4.052 Executing safepoint VM operation: ICBufferFull
Event: 4.052 Executing safepoint VM operation: ICBufferFull done
Event: 4.065 Executing non-safepoint VM operation: HandshakeAllThreads (Deoptimize)
Event: 4.065 Executing non-safepoint VM operation: HandshakeAllThreads (Deoptimize) done
Event: 4.071 Executing safepoint VM operation: ParallelGCFailedAllocation (Allocation Failure)
Event: 4.073 Executing safepoint VM operation: ParallelGCFailedAllocation (Allocation Failure) done
Event: 4.162 Executing non-safepoint VM operation: HandshakeAllThreads (Deoptimize)
Event: 4.163 Executing non-safepoint VM operation: HandshakeAllThreads (Deoptimize) done
Event: 4.179 Executing non-safepoint VM operation: HandshakeAllThreads (Deoptimize)
Event: 4.179 Executing non-safepoint VM operation: HandshakeAllThreads (Deoptimize) done
Event: 4.209 Executing non-safepoint VM operation: HandshakeAllThreads (Deoptimize)
Event: 4.209 Executing non-safepoint VM operation: HandshakeAllThreads (Deoptimize) done

Memory protections (0 events):
No events

Nmethod flushes (0 events):
No events

Events (20 events):
Event: 3.793 Thread 0x000001a606a5a000 Thread exited: 0x000001a606a5a000
Event: 3.924 Thread 0x000001a5a57e1b10 Thread added: 0x000001a606a5c0d0
Event: 3.924 Thread 0x000001a5a57e1b10 Thread added: 0x000001a606a5c760
Event: 3.924 Thread 0x000001a5a57e1b10 Thread added: 0x000001a606a592e0
Event: 3.924 Thread 0x000001a5a57e1b10 Thread added: 0x000001a606a59970
Event: 3.924 Thread 0x000001a5a57e1b10 Thread added: 0x000001a606a5a000
Event: 3.924 Thread 0x000001a5a57e1b10 Thread added: 0x000001a606a5a690
Event: 3.924 Thread 0x000001a5a57e1b10 Thread added: 0x000001a606a5ad20
Event: 3.924 Thread 0x000001a5a57e1b10 Thread added: 0x000001a606a5b3b0
Event: 3.924 Thread 0x000001a5a57e1b10 Thread added: 0x000001a607954410
Event: 3.924 Thread 0x000001a5a57e1b10 Thread added: 0x000001a6079564e0
Event: 3.924 Thread 0x000001a5a57e1b10 Thread added: 0x000001a607954aa0
Event: 3.924 Thread 0x000001a5a57e1b10 Thread added: 0x000001a607953d80
Event: 3.924 Thread 0x000001a5a57e1b10 Thread added: 0x000001a607955130
Event: 3.932 Thread 0x000001a5a57e1b10 Thread added: 0x000001a6079557c0
Event: 4.016 Thread 0x000001a606a5ba40 Thread added: 0x000001a607953060
Event: 4.020 Thread 0x000001a5a57e1b10 Thread added: 0x000001a607955e50
Event: 4.020 Thread 0x000001a5a57e1b10 Thread added: 0x000001a607956b70
Event: 4.124 Thread 0x000001a607956b70 Thread added: 0x000001a6079536f0
Event: 4.124 Thread 0x000001a607956b70 Thread added: 0x000001a607957200


Dynamic libraries:
0x00007ff77acb0000 - 0x00007ff77acbe000 	c:\Users\ciclos\.vscode\extensions\redhat.java-1.56.0-win32-x64\jre\21.0.12.1-win32-x86_64\bin\java.exe
0x00007ffc97aa0000 - 0x00007ffc97d07000 	C:\Windows\SYSTEM32\ntdll.dll
0x00007ffc97610000 - 0x00007ffc976db000 	C:\Windows\System32\KERNEL32.DLL
0x00007ffc95040000 - 0x00007ffc95442000 	C:\Windows\System32\KERNELBASE.dll
0x00007ffc91ba0000 - 0x00007ffc91c3f000 	C:\Windows\SYSTEM32\apphelp.dll
0x00007ffc94ee0000 - 0x00007ffc9502c000 	C:\Windows\System32\ucrtbase.dll
0x00007ffc62820000 - 0x00007ffc6283e000 	c:\Users\ciclos\.vscode\extensions\redhat.java-1.56.0-win32-x64\jre\21.0.12.1-win32-x86_64\bin\VCRUNTIME140.dll
0x00007ffc62a30000 - 0x00007ffc62a48000 	c:\Users\ciclos\.vscode\extensions\redhat.java-1.56.0-win32-x64\jre\21.0.12.1-win32-x86_64\bin\jli.dll
0x00007ffc964e0000 - 0x00007ffc966af000 	C:\Windows\System32\USER32.dll
0x00007ffc8a4e0000 - 0x00007ffc8a770000 	C:\Windows\WinSxS\amd64_microsoft.windows.common-controls_6595b64144ccf1df_6.0.26100.9278_none_3e0d1ba8e3303201\COMCTL32.dll
0x00007ffc95790000 - 0x00007ffc957b7000 	C:\Windows\System32\win32u.dll
0x00007ffc95c60000 - 0x00007ffc95d09000 	C:\Windows\System32\msvcrt.dll
0x00007ffc964b0000 - 0x00007ffc964db000 	C:\Windows\System32\GDI32.dll
0x00007ffc955d0000 - 0x00007ffc956f9000 	C:\Windows\System32\gdi32full.dll
0x00007ffc94ca0000 - 0x00007ffc94d43000 	C:\Windows\System32\msvcp_win.dll
0x00007ffc95b50000 - 0x00007ffc95b81000 	C:\Windows\System32\IMM32.DLL
0x00007ffc873d0000 - 0x00007ffc873dc000 	c:\Users\ciclos\.vscode\extensions\redhat.java-1.56.0-win32-x64\jre\21.0.12.1-win32-x86_64\bin\vcruntime140_1.dll
0x00007ffbf9130000 - 0x00007ffbf91bd000 	c:\Users\ciclos\.vscode\extensions\redhat.java-1.56.0-win32-x64\jre\21.0.12.1-win32-x86_64\bin\msvcp140.dll
0x00007ffbdbc90000 - 0x00007ffbdca32000 	c:\Users\ciclos\.vscode\extensions\redhat.java-1.56.0-win32-x64\jre\21.0.12.1-win32-x86_64\bin\server\jvm.dll
0x00007ffc977a0000 - 0x00007ffc9785c000 	C:\Windows\System32\ADVAPI32.dll
0x00007ffc95b90000 - 0x00007ffc95c39000 	C:\Windows\System32\sechost.dll
0x00007ffc95a30000 - 0x00007ffc95b48000 	C:\Windows\System32\RPCRT4.dll
0x00007ffc971a0000 - 0x00007ffc97220000 	C:\Windows\System32\WS2_32.dll
0x00007ffc94b00000 - 0x00007ffc94b5e000 	C:\Windows\SYSTEM32\POWRPROF.dll
0x00007ffc8c3c0000 - 0x00007ffc8c3f6000 	C:\Windows\SYSTEM32\WINMM.dll
0x00007ffc8aac0000 - 0x00007ffc8aacb000 	C:\Windows\SYSTEM32\VERSION.dll
0x00007ffc94ae0000 - 0x00007ffc94af5000 	C:\Windows\SYSTEM32\UMPDC.dll
0x00007ffc93970000 - 0x00007ffc9398b000 	C:\Windows\SYSTEM32\kernel.appcore.dll
0x00007ffc661c0000 - 0x00007ffc661ca000 	c:\Users\ciclos\.vscode\extensions\redhat.java-1.56.0-win32-x64\jre\21.0.12.1-win32-x86_64\bin\jimage.dll
0x00007ffc8a780000 - 0x00007ffc8a9cc000 	C:\Windows\SYSTEM32\DBGHELP.DLL
0x00007ffc968c0000 - 0x00007ffc96c45000 	C:\Windows\System32\combase.dll
0x00007ffc973c0000 - 0x00007ffc97499000 	C:\Windows\System32\OLEAUT32.dll
0x00007ffc8fdb0000 - 0x00007ffc8fdeb000 	C:\Windows\SYSTEM32\dbgcore.DLL
0x00007ffc95450000 - 0x00007ffc954fc000 	C:\Windows\System32\bcryptPrimitives.dll
0x00007ffc623e0000 - 0x00007ffc62400000 	c:\Users\ciclos\.vscode\extensions\redhat.java-1.56.0-win32-x64\jre\21.0.12.1-win32-x86_64\bin\java.dll
0x00007ffc95d10000 - 0x00007ffc964a8000 	C:\Windows\System32\SHELL32.dll
0x00007ffc92740000 - 0x00007ffc92fee000 	C:\Windows\SYSTEM32\windows.storage.dll
0x00007ffc957c0000 - 0x00007ffc958bb000 	C:\Windows\System32\SHCORE.dll
0x00007ffc970e0000 - 0x00007ffc97146000 	C:\Windows\System32\shlwapi.dll
0x00007ffc94bc0000 - 0x00007ffc94be9000 	C:\Windows\SYSTEM32\profapi.dll
0x00007ffc158b0000 - 0x00007ffc158c8000 	c:\Users\ciclos\.vscode\extensions\redhat.java-1.56.0-win32-x64\jre\21.0.12.1-win32-x86_64\bin\zip.dll
0x00007ffc64650000 - 0x00007ffc64660000 	C:\Users\ciclos\.vscode\extensions\redhat.java-1.56.0-win32-x64\jre\21.0.12.1-win32-x86_64\bin\net.dll
0x00007ffc8e770000 - 0x00007ffc8e89a000 	C:\Windows\SYSTEM32\WINHTTP.dll
0x00007ffc93f30000 - 0x00007ffc93f9c000 	C:\Windows\system32\mswsock.dll
0x00007ffc058a0000 - 0x00007ffc058b6000 	C:\Users\ciclos\.vscode\extensions\redhat.java-1.56.0-win32-x64\jre\21.0.12.1-win32-x86_64\bin\nio.dll
0x00007ffbf4a50000 - 0x00007ffbf4a95000 	C:\Users\ciclos\AppData\Roaming\Code\User\globalStorage\redhat.java\1.56.0\config_ss_win\org.eclipse.equinox.launcher\org.eclipse.equinox.launcher.win32.win32.x86_64_1.3.100.v20260804-1928\eclipse_11924.dll
0x00007ffc966c0000 - 0x00007ffc9685a000 	C:\Windows\System32\ole32.dll
0x00007ffc94220000 - 0x00007ffc9423b000 	C:\Windows\SYSTEM32\CRYPTSP.dll
0x00007ffc938d0000 - 0x00007ffc93909000 	C:\Windows\system32\rsaenh.dll
0x00007ffc93fe0000 - 0x00007ffc94014000 	C:\Windows\SYSTEM32\USERENV.dll
0x00007ffc94b90000 - 0x00007ffc94bba000 	C:\Windows\SYSTEM32\bcrypt.dll
0x00007ffc94240000 - 0x00007ffc9424c000 	C:\Windows\SYSTEM32\CRYPTBASE.dll
0x00007ffc93340000 - 0x00007ffc93373000 	C:\Windows\SYSTEM32\IPHLPAPI.DLL
0x00007ffc97a50000 - 0x00007ffc97a5a000 	C:\Windows\System32\NSI.dll
0x00007ffbf4a00000 - 0x00007ffbf4a49000 	C:\Users\ciclos\AppData\Local\Temp\jna--1360654989\jna5694605603266855308.dll
0x00007ffc97580000 - 0x00007ffc97588000 	C:\Windows\System32\PSAPI.DLL
0x00007ffc8e000000 - 0x00007ffc8e01d000 	C:\Windows\SYSTEM32\dhcpcsvc6.DLL
0x00007ffc8dfd0000 - 0x00007ffc8dff5000 	C:\Windows\SYSTEM32\dhcpcsvc.DLL

JVMTI agents: none

dbghelp: loaded successfully - version: 4.0.5 - missing functions: none
symbol engine: initialized successfully - sym options: 0x614 - pdb path: .;c:\Users\ciclos\.vscode\extensions\redhat.java-1.56.0-win32-x64\jre\21.0.12.1-win32-x86_64\bin;C:\Windows\SYSTEM32;C:\Windows\WinSxS\amd64_microsoft.windows.common-controls_6595b64144ccf1df_6.0.26100.9278_none_3e0d1ba8e3303201;c:\Users\ciclos\.vscode\extensions\redhat.java-1.56.0-win32-x64\jre\21.0.12.1-win32-x86_64\bin\server;C:\Users\ciclos\AppData\Roaming\Code\User\globalStorage\redhat.java\1.56.0\config_ss_win\org.eclipse.equinox.launcher\org.eclipse.equinox.launcher.win32.win32.x86_64_1.3.100.v20260804-1928;C:\Users\ciclos\AppData\Local\Temp\jna--1360654989

VM Arguments:
jvm_args: --add-modules=ALL-SYSTEM --add-opens=java.base/java.util=ALL-UNNAMED --add-opens=java.base/java.lang=ALL-UNNAMED --add-opens=java.base/sun.nio.fs=ALL-UNNAMED -Declipse.application=org.eclipse.jdt.ls.core.id1 -Dosgi.bundles.defaultStartLevel=4 -Declipse.product=org.eclipse.jdt.ls.core.product -Djava.import.generatesMetadataFilesAtProjectRoot=false -Dm2e.project.cache.size=50 -DDetectVMInstallationsJob.disabled=true -Dfile.encoding=utf8 -XX:+UseParallelGC -XX:GCTimeRatio=4 -XX:AdaptiveSizePolicyWeight=90 -Dsun.zip.disableMemoryMapping=true -Xmx2G -Xms100m -Xlog:disable 
java_command: c:\Users\ciclos\.vscode\extensions\redhat.java-1.56.0-win32-x64\server\plugins\org.eclipse.equinox.launcher_1.8.0.v20260804-1928.jar -configuration c:\Users\ciclos\AppData\Roaming\Code\User\globalStorage\redhat.java\1.56.0\config_ss_win -data c:\Users\ciclos\AppData\Roaming\Code\User\workspaceStorage\d060f69ac0910e2fcf3f6d01bec5a073\redhat.java\ss_ws --pipe=\\.\pipe\lsp-4d72ad0448f0542bf74173aec76f9c84-sock
java_class_path (initial): c:\Users\ciclos\.vscode\extensions\redhat.java-1.56.0-win32-x64\server\plugins\org.eclipse.equinox.launcher_1.8.0.v20260804-1928.jar
Launcher Type: SUN_STANDARD

[Global flags]
    uintx AdaptiveSizePolicyWeight                 = 90                                        {product} {command line}
     intx CICompilerCount                          = 4                                         {product} {ergonomic}
    uintx GCTimeRatio                              = 4                                         {product} {command line}
   size_t InitialHeapSize                          = 104857600                                 {product} {command line}
   size_t MaxHeapSize                              = 2147483648                                {product} {command line}
   size_t MaxNewSize                               = 715653120                                 {product} {ergonomic}
   size_t MinHeapDeltaBytes                        = 524288                                    {product} {ergonomic}
   size_t MinHeapSize                              = 104857600                                 {product} {command line}
   size_t NewSize                                  = 34603008                                  {product} {ergonomic}
    uintx NonNMethodCodeHeapSize                   = 5839372                                {pd product} {ergonomic}
    uintx NonProfiledCodeHeapSize                  = 122909434                              {pd product} {ergonomic}
   size_t OldSize                                  = 70254592                                  {product} {ergonomic}
    uintx ProfiledCodeHeapSize                     = 122909434                              {pd product} {ergonomic}
    uintx ReservedCodeCacheSize                    = 251658240                              {pd product} {ergonomic}
     bool SegmentedCodeCache                       = true                                      {product} {ergonomic}
   size_t SoftMaxHeapSize                          = 2147483648                             {manageable} {ergonomic}
     bool UseCompressedOops                        = true                           {product lp64_product} {ergonomic}
     bool UseLargePagesIndividualAllocation        = false                                  {pd product} {ergonomic}
     bool UseParallelGC                            = true                                      {product} {command line}

Logging:
Log output configuration:
 #0: stdout all=off uptime,level,tags foldmultilines=false
 #1: stderr all=off uptime,level,tags foldmultilines=false

Release file:
JAVA_VERSION="21.0.12.1" 
MODULES="java.base java.compiler java.datatransfer java.xml java.prefs java.desktop java.instrument java.logging java.management java.security.sasl java.naming java.rmi java.management.rmi java.net.http java.scripting java.security.jgss java.transaction.xa java.sql java.sql.rowset java.xml.crypto java.se java.smartcardio jdk.accessibility jdk.internal.jvmstat jdk.attach jdk.charsets jdk.internal.opt jdk.zipfs jdk.compiler jdk.crypto.ec jdk.crypto.cryptoki jdk.crypto.mscapi jdk.dynalink jdk.internal.ed jdk.editpad jdk.hotspot.agent jdk.httpserver jdk.internal.le jdk.internal.vm.ci jdk.internal.vm.compiler jdk.internal.vm.compiler.management jdk.jartool jdk.javadoc jdk.jcmd jdk.management jdk.management.agent jdk.jconsole jdk.jdeps jdk.jdwp.agent jdk.jdi jdk.jfr jdk.jshell jdk.jsobject jdk.jstatd jdk.localedata jdk.management.jfr jdk.naming.dns jdk.naming.rmi jdk.net jdk.nio.mapmode jdk.random jdk.sctp jdk.security.auth jdk.security.jgss jdk.unsupported jdk.unsupported.desktop jdk.xml.dom" 

Environment Variables:
PATH=C:\Program Files\Common Files\Oracle\Java\javapath;C:\Windows\system32;C:\Windows;C:\Windows\System32\Wbem;C:\Windows\System32\WindowsPowerShell\v1.0\;C:\Windows\System32\OpenSSH\;C:\Program Files\dotnet\;C:\Program Files\Git\cmd;C:\Users\ciclos\AppData\Local\Microsoft\WindowsApps;C:\Users\ciclos\.dotnet\tools;C:\Users\ciclos\AppData\Local\Unity\bin;C:\Users\ciclos\AppData\Local\Programs\Microsoft VS Code\bin
USERNAME=ciclos
OS=Windows_NT
PROCESSOR_IDENTIFIER=Intel64 Family 6 Model 151 Stepping 5, GenuineIntel
TMP=C:\Users\ciclos\AppData\Local\Temp
TEMP=C:\Users\ciclos\AppData\Local\Temp




Periodic native trim disabled

---------------  S Y S T E M  ---------------

OS:
 Windows 11 , 64 bit Build 26100 (10.0.26100.9444)
OS uptime: 0 days 1:57 hours

CPU: total 12 (initial active 12) (6 cores per cpu, 2 threads per core) family 6 model 151 stepping 5 microcode 0x23, cx8, cmov, fxsr, ht, mmx, 3dnowpref, sse, sse2, sse3, ssse3, sse4.1, sse4.2, popcnt, lzcnt, tsc, tscinvbit, avx, avx2, aes, erms, clmul, bmi1, bmi2, adx, sha, fma, vzeroupper, clflush, clflushopt, clwb, serialize, rdtscp, rdpid, fsrm, f16c, pku, cet_ibt, cet_ss
Processor Information for the first 12 processors :
  Max Mhz: 2500, Current Mhz: 2500, Mhz Limit: 2500

Memory: 4k page, system-wide physical 16157M (6455M free)
TotalPageFile size 16157M (AvailPageFile size 4M)
current process WorkingSet (physical memory assigned to process): 182M, peak: 182M
current process commit charge ("private bytes"): 320M, peak: 321M

vm_info: OpenJDK 64-Bit Server VM (21.0.12.1+1-LTS) for windows-amd64 JRE (21.0.12.1+1-LTS), built on 2026-08-18T00:00:00Z by "admin" with MS VC++ 17.12 (VS2022)

END.
